// Jest Snapshot v1, https://goo.gl/fbAQLP

exports[`Locally Snapshot should render header with content 1`] = `""`;
